// Jest Snapshot v1, https://goo.gl/fbAQLP

exports[`should render components as pure functions renders login correctly 1`] = `
<div>
  <a
    href="/auth/google"
  >
    Log In With Google
  </a>
</div>
`;
